// Jest Snapshot v1, https://goo.gl/fbAQLP

exports[`UserInput should match snapshpt 1`] = `
<div
  className="UserInput"
>
  <User
    avatarUrl="qwe"
    login="asd"
  />
  <Component
    classes={
      Array [
        "UserInput-Close",
      ]
    }
  />
</div>
`;
